// Jest Snapshot v1, https://goo.gl/fbAQLP

exports[`PokemonPicture component debe de hacer match con el snapshot 1`] = `
<div class="pokemon-container">
  <div class="pokemon-wrapper"><img alt="pokemon" class="hidden-pokemon" src="https://raw.githubusercontent.com/PokeAPI/sprites/master/sprites/pokemon/other/dream-world/1.svg">
    <!--v-if-->
  </div>
</div>
`;
